// Jest Snapshot v1, https://goo.gl/fbAQLP

exports[`FormRow should match with the snapshot 1`] = `
<div
  className="c-form-row"
>
  FormRow
</div>
`;
