// Jest Snapshot v1, https://goo.gl/fbAQLP

exports[`Line should match with the snapshot 1`] = `
<div
  className="c-line"
/>
`;
