// Jest Snapshot v1, https://goo.gl/fbAQLP

exports[`Label should match with the snapshot 1`] = `
<label
  htmlFor="lbl"
>
  Text
</label>
`;
