// Jest Snapshot v1, https://goo.gl/fbAQLP

exports[`Card should match with the snapshot 1`] = `
<ul
  className="c-card"
>
  <ListItem
    format="DD MMM YYYY [Ã s] HH:mm"
    label="Label"
    primary={false}
    value="Value"
  />
</ul>
`;
