// Jest Snapshot v1, https://goo.gl/fbAQLP

exports[`List should match with the snapshot 1`] = `
<ul
  className="c-list"
>
  <ListItem>
    <div>
      Content
    </div>
  </ListItem>
</ul>
`;
