// Jest Snapshot v1, https://goo.gl/fbAQLP

exports[`FormGroup should match with the snapshot 1`] = `
<div
  className="c-form-group"
/>
`;

exports[`FormGroup should match with the snapshot with Message 1`] = `
<div
  className="c-form-group"
/>
`;
